<html>
<body>
<pre>
<h1>µVision Build Log</h1>
<h2>Tool Versions:</h2>
IDE-Version: ¦ÌVision V5.21.1.0
Copyright (C) 2016 ARM Ltd and ARM Germany GmbH. All rights reserved.
License Information: w lx, zju, LIC=ZB4EI-TUAHI-2Z7W4-F1RRB-NL020-H0CNM
 
Tool Versions:
Toolchain:       MDK-ARM Plus  Version: 5.21a
Toolchain Path:  D:\keil5\ARM\ARMCC\Bin
C Compiler:      Armcc.exe V5.06 update 3 (build 300)
Assembler:       Armasm.exe V5.06 update 3 (build 300)
Linker/Locator:  ArmLink.exe V5.06 update 3 (build 300)
Library Manager: ArmAr.exe V5.06 update 3 (build 300)
Hex Converter:   FromElf.exe V5.06 update 3 (build 300)
CPU DLL:         SARMCM3.DLL V5.21a
Dialog DLL:      DCM.DLL V1.13.8.0
Target DLL:      CMSIS_AGDI.dll V1.26.5.0
Dialog DLL:      TCM.DLL V1.14.14.0
 
<h2>Project:</h2>
C:\Users\WLX\Desktop\Project\project\MDK-ARM\project.uvprojx
Project File Date:  08/14/2022

<h2>Output:</h2>
*** Using Compiler 'V5.06 update 3 (build 300)', folder: 'D:\keil5\ARM\ARMCC\Bin'
Rebuild target 'project'
assembling startup_stm32f429xx.s...
compiling steering.c...
compiling motor.c...
compiling linetrack_lr.c...
..\Core\Src\linetrack_lr.c(185): warning:  #111-D: statement is unreachable
  		return ;
..\Core\Src\linetrack_lr.c(203): warning:  #111-D: statement is unreachable
  		return ;
..\Core\Src\linetrack_lr.c(204): warning:  #1-D: last line of file ends without a newline
  }
..\Core\Src\linetrack_lr.c: 3 warnings, 0 errors
compiling delay.c...
compiling uart_get.c...
compiling linetrack.c...
..\Core\Src\linetrack.c(168): warning:  #111-D: statement is unreachable
  		return ;
..\Core\Src\linetrack.c(180): warning:  #111-D: statement is unreachable
  		return ;
..\Core\Src\linetrack.c(181): warning:  #1-D: last line of file ends without a newline
  }
..\Core\Src\linetrack.c: 3 warnings, 0 errors
compiling actuator.c...
..\Core\Src\actuator.c(121): warning:  #223-D: function "printf" declared implicitly
  			printf("height  %d  %d   \n",TIM3->CNT,TIM1->CNT);	
..\Core\Src\actuator.c: 1 warning, 0 errors
compiling gpio.c...
compiling main.c...
compiling usart.c...
compiling stm32f4xx_it.c...
compiling stm32f4xx_hal_msp.c...
compiling action.c...
compiling tim.c...
compiling stm32f4xx_hal_flash_ramfunc.c...
compiling stm32f4xx_hal_flash_ex.c...
compiling stm32f4xx_hal_tim_ex.c...
compiling stm32f4xx_hal_rcc.c...
compiling stm32f4xx_hal_rcc_ex.c...
compiling stm32f4xx_hal_flash.c...
compiling stm32f4xx_hal_tim.c...
compiling stm32f4xx_hal_gpio.c...
compiling stm32f4xx_hal_pwr.c...
compiling stm32f4xx_hal_dma.c...
compiling stm32f4xx_hal_pwr_ex.c...
compiling stm32f4xx_hal.c...
compiling stm32f4xx_hal_cortex.c...
compiling stm32f4xx_hal_dma_ex.c...
compiling stm32f4xx_hal_exti.c...
compiling system_stm32f4xx.c...
compiling stm32f4xx_hal_uart.c...
linking...
Program Size: Code=10692 RO-data=484 RW-data=76 ZI-data=2044  
FromELF: creating hex file...
"project\project.axf" - 0 Error(s), 7 Warning(s).

<h2>Software Packages used:</h2>

Package Vendor: ARM
                http://www.keil.com/pack/ARM.CMSIS.4.5.0.pack
                ARM::CMSIS:CORE:4.3.0
                CMSIS (Cortex Microcontroller Software Interface Standard)
   * Component: CORE Version: 4.3.0

<h2>Collection of Component include folders:</h2>
  C:\Users\WLX\Desktop\Project\project\MDK-ARM\RTE
  D:\keil5\ARM\PACK\ARM\CMSIS\4.5.0\CMSIS\Include
  D:\keil5\ARM\PACK\Keil\STM32F4xx_DFP\2.9.0\Drivers\CMSIS\Device\ST\STM32F4xx\Include

<h2>Collection of Component Files used:</h2>

   * Component: ARM::CMSIS:CORE:4.3.0
Build Time Elapsed:  00:01:17
</pre>
</body>
</html>
